// Jest Snapshot v1, https://goo.gl/fbAQLP

exports[`Should render the ExpenseListItem given a sample expense 1`] = `
<li>
  <NavLink
    activeClassName="active"
    ariaCurrent="true"
    to="/edit/1"
  >
    <h3>
      Car
       
    </h3>
  </NavLink>
  <p>
    $20,000.00
    -
    December 31st, 1969
     
  </p>
  <button
    onClick={[Function]}
  >
    X
  </button>
</li>
`;
